---
source: apollo-router/tests/type_conditions_test.rs
expression: response
---
{
  "data": {
    "searchListOfList": [
      [
        null,
        null,
        null,
        null
      ],
      [
        null,
        {}
      ],
      [
        null,
        null
      ]
    ]
  },
  "extensions": {
    "apolloQueryPlan": {
      "object": {
        "kind": "QueryPlan",
        "node": {
          "kind": "Sequence",
          "nodes": [
            {
              "kind": "Fetch",
              "serviceName": "searchSubgraph",
              "variableUsages": [],
              "operation": "query Search__searchSubgraph__0{searchListOfList{__typename ...on MovieResult{sections{__typename ...on EntityCollectionSection{__typename id}...on GallerySection{__typename id}}id}...on ArticleResult{id sections{__typename ...on GallerySection{__typename id}...on EntityCollectionSection{__typename id}}}}}",
              "operationName": "Search__searchSubgraph__0",
              "operationKind": "query",
              "id": null,
              "inputRewrites": null,
              "outputRewrites": null,
              "schemaAwareHash": "2e77569c51009a58e162f112a331bb32b4ee615de2911455d9b0e533489859b2",
              "authorization": {
                "is_authenticated": false,
                "scopes": [],
                "policies": []
              }
            },
            {
              "kind": "Parallel",
              "nodes": [
                {
                  "kind": "Flatten",
                  "path": [
                    "",
                    "searchListOfList",
                    "@",
                    "@|[MovieResult]",
                    "sections",
                    "@"
                  ],
                  "node": {
                    "kind": "Fetch",
                    "serviceName": "artworkSubgraph",
                    "requires": [
                      {
                        "kind": "InlineFragment",
                        "typeCondition": "EntityCollectionSection",
                        "selections": [
                          {
                            "kind": "Field",
                            "name": "__typename"
                          },
                          {
                            "kind": "Field",
                            "name": "id"
                          }
                        ]
                      },
                      {
                        "kind": "InlineFragment",
                        "typeCondition": "GallerySection",
                        "selections": [
                          {
                            "kind": "Field",
                            "name": "__typename"
                          },
                          {
                            "kind": "Field",
                            "name": "id"
                          }
                        ]
                      }
                    ],
                    "variableUsages": [
                      "movieResultParam"
                    ],
                    "operation": "query Search__artworkSubgraph__1($representations:[_Any!]!$movieResultParam:String){_entities(representations:$representations){...on EntityCollectionSection{title artwork(params:$movieResultParam)}...on GallerySection{artwork(params:$movieResultParam)}}}",
                    "operationName": "Search__artworkSubgraph__1",
                    "operationKind": "query",
                    "id": null,
                    "inputRewrites": null,
                    "outputRewrites": null,
                    "schemaAwareHash": "68cc2785b5f8b0fb994ba1d29b86bfebcbdeb005eb62d078abd879e0f3404b11",
                    "authorization": {
                      "is_authenticated": false,
                      "scopes": [],
                      "policies": []
                    }
                  }
                },
                {
                  "kind": "Flatten",
                  "path": [
                    "",
                    "searchListOfList",
                    "@",
                    "@|[ArticleResult]",
                    "sections",
                    "@"
                  ],
                  "node": {
                    "kind": "Fetch",
                    "serviceName": "artworkSubgraph",
                    "requires": [
                      {
                        "kind": "InlineFragment",
                        "typeCondition": "GallerySection",
                        "selections": [
                          {
                            "kind": "Field",
                            "name": "__typename"
                          },
                          {
                            "kind": "Field",
                            "name": "id"
                          }
                        ]
                      },
                      {
                        "kind": "InlineFragment",
                        "typeCondition": "EntityCollectionSection",
                        "selections": [
                          {
                            "kind": "Field",
                            "name": "__typename"
                          },
                          {
                            "kind": "Field",
                            "name": "id"
                          }
                        ]
                      }
                    ],
                    "variableUsages": [
                      "articleResultParam"
                    ],
                    "operation": "query Search__artworkSubgraph__2($representations:[_Any!]!$articleResultParam:String){_entities(representations:$representations){...on GallerySection{artwork(params:$articleResultParam)}...on EntityCollectionSection{artwork(params:$articleResultParam)title}}}",
                    "operationName": "Search__artworkSubgraph__2",
                    "operationKind": "query",
                    "id": null,
                    "inputRewrites": null,
                    "outputRewrites": null,
                    "schemaAwareHash": "1f47d603f0bc93220aac7806a8d203a5595bcb9e98ceacc3c4a9ba3951e16a5b",
                    "authorization": {
                      "is_authenticated": false,
                      "scopes": [],
                      "policies": []
                    }
                  }
                }
              ]
            }
          ]
        }
      },
      "text": "QueryPlan {\n  Sequence {\n    Fetch(service: \"searchSubgraph\") {\n      {\n        searchListOfList {\n          __typename\n          ... on MovieResult {\n            sections {\n              __typename\n              ... on EntityCollectionSection {\n                __typename\n                id\n              }\n              ... on GallerySection {\n                __typename\n                id\n              }\n            }\n            id\n          }\n          ... on ArticleResult {\n            id\n            sections {\n              __typename\n              ... on GallerySection {\n                __typename\n                id\n              }\n              ... on EntityCollectionSection {\n                __typename\n                id\n              }\n            }\n          }\n        }\n      }\n    },\n    Parallel {\n      Flatten(path: \".searchListOfList.@.@|[MovieResult].sections.@\") {\n        Fetch(service: \"artworkSubgraph\") {\n          {\n            ... on EntityCollectionSection {\n              __typename\n              id\n            }\n            ... on GallerySection {\n              __typename\n              id\n            }\n          } =>\n          {\n            ... on EntityCollectionSection {\n              title\n              artwork(params: $movieResultParam)\n            }\n            ... on GallerySection {\n              artwork(params: $movieResultParam)\n            }\n          }\n        },\n      },\n      Flatten(path: \".searchListOfList.@.@|[ArticleResult].sections.@\") {\n        Fetch(service: \"artworkSubgraph\") {\n          {\n            ... on GallerySection {\n              __typename\n              id\n            }\n            ... on EntityCollectionSection {\n              __typename\n              id\n            }\n          } =>\n          {\n            ... on GallerySection {\n              artwork(params: $articleResultParam)\n            }\n            ... on EntityCollectionSection {\n              artwork(params: $articleResultParam)\n              title\n            }\n          }\n        },\n      },\n    },\n  },\n}"
    }
  }
}
