---
source: apollo-router/tests/type_conditions_test.rs
expression: response
---
{
  "data": {
    "search": [
      {
        "id": "ff70d1f5-d1ac-46dd-8ed1-5f2d81ff2db0",
        "sections": [
          {
            "artwork": "Hello World"
          },
          {
            "artwork": "Hello World"
          }
        ]
      },
      {
        "id": "5092bbea-8bc3-4c4f-a9eb-003604ed9add",
        "sections": [
          {
            "artwork": null
          },
          {
            "artwork": null
          }
        ]
      }
    ]
  }
}
